[36mvite v7.3.1 [32mbuilding client environment for production...[36m[39m
transforming...
[32mظ£ô[39m 28 modules transformed.
node.exe : 
[31mظ£ù[39m Build 
failed in 292ms
At C:\Program Files\no
dejs\npx.ps1:29 char:3
+   & $NODE_EXE 
$NPX_CLI_JS $args
+   ~~~~~~~~~~~~~~~~~~
~~~~~~~~~~~
    + CategoryInfo    
          : NotSpeci  
  fied: ([31mظ£ù[   
 39m Build failed     
in 292ms:String)     
[], RemoteExcepti    
on
    + FullyQualifiedE 
   rrorId : NativeCo  
  mmandError
 
[31merror during 
build:
[31msrc/api/promptApi
.js (232:147): 
Unexpected token 
`ident`. Expected 
`}`[31m
file: [36mD:/MAHMOUD/
╪ذ╪▒┘à╪ش╪ر/┘à┘ê┘é╪╣ 
╪ز┘ê┘┘è╪» ╪ذ╪▒┘ê┘à╪ذ╪
ز╪د╪ز/src/api/promptAp
i.js:232:147[31m
[33m
230: **Primary 
Light:** 
${lightingStyles[i % l
ightingStyles.length]}
231: **Mood:** 
${genre === 'Horror' 
? 'Unsettling, 
shadows hiding 
threats' : genre === 
'Action' ? 'High 
energy, dynamic 
contrast' : 
'Immersive, 
story-driven atmos...
232: **Color 
Palette:** ${style 
=== 'Anime' ? 
'Vibrant, saturated 
colors with soft 
gradients' : 
'Cinematic color 
grade with emphasized 
${i % 2 === 0 ? 'warm 
tones...
                      
                      
                      
                      
                      
                      
                    ^
233: 
234: ### ≡اص 
Character Actions
[31m
    at getRollupError 
(file:///D:/MAHMOUD/%D
8%A8%D8%B1%D9%85%D8%AC
%D8%A9/%D9%85%D9%88%D9
%82%D8%B9%20%D8%AA%D9%
88%D9%84%D9%8A%D8%AF%2
0%D8%A8%D8%B1%D9%88%D9
%85%D8%A8%D8%AA%D8%A7%
D8%AA/node_modules/rol
lup/dist/es/shared/par
seAst.js:402:41)
    at 
ParseError.initialise 
(file:///D:/MAHMOUD/%D
8%A8%D8%B1%D9%85%D8%AC
%D8%A9/%D9%85%D9%88%D9
%82%D8%B9%20%D8%AA%D9%
88%D9%84%D9%8A%D8%AF%2
0%D8%A8%D8%B1%D9%88%D9
%85%D8%A8%D8%AA%D8%A7%
D8%AA/node_modules/rol
lup/dist/es/shared/nod
e-entry.js:14465:28)
    at convertNode (fi
le:///D:/MAHMOUD/%D8%A
8%D8%B1%D9%85%D8%AC%D8
%A9/%D9%85%D9%88%D9%82
%D8%B9%20%D8%AA%D9%88%
D9%84%D9%8A%D8%AF%20%D
8%A8%D8%B1%D9%88%D9%85
%D8%A8%D8%AA%D8%A7%D8%
AA/node_modules/rollup
/dist/es/shared/node-e
ntry.js:16437:10)
    at convertProgram 
(file:///D:/MAHMOUD/%D
8%A8%D8%B1%D9%85%D8%AC
%D8%A9/%D9%85%D9%88%D9
%82%D8%B9%20%D8%AA%D9%
88%D9%84%D9%8A%D8%AF%2
0%D8%A8%D8%B1%D9%88%D9
%85%D8%A8%D8%AA%D8%A7%
D8%AA/node_modules/rol
lup/dist/es/shared/nod
e-entry.js:15677:12)
    at 
Module.setSource (file
:///D:/MAHMOUD/%D8%A8%
D8%B1%D9%85%D8%AC%D8%A
9/%D9%85%D9%88%D9%82%D
8%B9%20%D8%AA%D9%88%D9
%84%D9%8A%D8%AF%20%D8%
A8%D8%B1%D9%88%D9%85%D
8%A8%D8%AA%D8%A7%D8%AA
/node_modules/rollup/d
ist/es/shared/node-ent
ry.js:17392:24)
    at async ModuleLoa
der.addModuleSource (f
ile:///D:/MAHMOUD/%D8%
A8%D8%B1%D9%85%D8%AC%D
8%A9/%D9%85%D9%88%D9%8
2%D8%B9%20%D8%AA%D9%88
%D9%84%D9%8A%D8%AF%20%
D8%A8%D8%B1%D9%88%D9%8
5%D8%A8%D8%AA%D8%A7%D8
%AA/node_modules/rollu
p/dist/es/shared/node-
entry.js:21474:13)[39
m
